// Vitest Snapshot v1, https://vitest.dev/guide/snapshot.html

exports[`FirstStepsApp > should match snapshot 1`] = `
<div>
  <h1>
    Carrito de Compras
  </h1>
  <div
    data-testid="Itemcounter"
    name="PS5"
    quantity="1"
  />
  <div
    data-testid="Itemcounter"
    name="GOW"
    quantity="1"
  />
  <div
    data-testid="Itemcounter"
    name="DualShock"
    quantity="2"
  />
</div>
`;
